==========================================
SLURM_CLUSTER_NAME = rudra20pf-hpc
SLURM_ARRAY_JOB_ID = 
SLURM_ARRAY_TASK_ID = 
SLURM_ARRAY_TASK_COUNT = 
SLURM_ARRAY_TASK_MAX = 
SLURM_ARRAY_TASK_MIN = 
SLURM_JOB_ACCOUNT = cdac
SLURM_JOB_ID = 88159
SLURM_JOB_NAME = grover-40q
SLURM_JOB_NODELIST = cbcn[0011-0013,0027-0028,0031-0035,0052-0060,0153-0158,0165-0173,0281-0285,0287-0292,0322-0328,0379-0387,0392-0400,0445-0449,0497-0499,0553-0555,0581-0592,0594-0598,0616-0623,0628-0636,0643-0645,0667-0673,0701-0715,0725-0736,0741-0746,0749-0753,0763-0766,0795-0802,0805-0813,0872-0877,0901-0908,0910-0916,0940-0944,0969-0976,0978-0984,0992-0997,0999-1014,1056-1060,1069-1074,1097-1100,1125-1134,1136-1140,1147-1152,1154-1160,1163-1176,1179-1182,1209-1212,1251-1266,1364-1367,1400-1403,1456-1462,1498-1502,1504-1508,1580-1595,1597-1611,1633-1642,1648-1654,1716-1724,1764-1766,1768-1775,1915-1919,1969-1972,1989-1993,2004-2007,2009-2015,2019-2032,2089-2093,2095-2098,2113-2118,2120-2128,2209-2212,2236-2241,2244-2248,2254-2266]
SLURM_JOB_USER = santhoshj
SLURM_JOB_UID = 80040
SLURM_JOB_PARTITION = himachal
SLURM_TASK_PID = 1729023
SLURM_SUBMIT_DIR = /home/cdacB/santhoshj/digvijay/distributed-qcut
SLURM_CPUS_ON_NODE = 48
SLURM_NTASKS = 512
SLURM_TASK_PID = 1729023
==========================================

[3/8] Checking MPI...
mpirun:
/home/apps/spack/opt/spack/linux-cascadelake/openmpi-4.1.8-gaily2jwc3klcubp55unnlgiaglqu7mf/bin/mpirun
mpirun (Open MPI) 4.1.8

Report bugs to http://www.open-mpi.org/community/help/

mpicc:
/home/apps/spack/opt/spack/linux-cascadelake/openmpi-4.1.8-gaily2jwc3klcubp55unnlgiaglqu7mf/bin/mpicc
gcc (GCC) 11.5.0 20240719 (Red Hat 11.5.0-11)
Copyright (C) 2021 Free Software Foundation, Inc.
This is free software; see the source for copying conditions.  There is NO
warranty; not even for MERCHANTABILITY or FITNESS FOR A PARTICULAR PURPOSE.


mpicxx:
/home/apps/spack/opt/spack/linux-cascadelake/openmpi-4.1.8-gaily2jwc3klcubp55unnlgiaglqu7mf/bin/mpicxx
g++ (GCC) 11.5.0 20240719 (Red Hat 11.5.0-11)
Copyright (C) 2021 Free Software Foundation, Inc.
This is free software; see the source for copying conditions.  There is NO
warranty; not even for MERCHANTABILITY or FITNESS FOR A PARTICULAR PURPOSE.

==========================================
JOB ID:          88159
JOB NAME:        grover-40q
NODES:           512
TASKS:           512
CPUS/TASK:       48
TOTAL CPUS:      24576
NODE LIST:
cbcn0011
cbcn0012
cbcn0013
cbcn0027
cbcn0028
cbcn0031
cbcn0032
cbcn0033
cbcn0034
cbcn0035
cbcn0052
cbcn0053
cbcn0054
cbcn0055
cbcn0056
cbcn0057
cbcn0058
cbcn0059
cbcn0060
cbcn0153
cbcn0154
cbcn0155
cbcn0156
cbcn0157
cbcn0158
cbcn0165
cbcn0166
cbcn0167
cbcn0168
cbcn0169
cbcn0170
cbcn0171
cbcn0172
cbcn0173
cbcn0281
cbcn0282
cbcn0283
cbcn0284
cbcn0285
cbcn0287
cbcn0288
cbcn0289
cbcn0290
cbcn0291
cbcn0292
cbcn0322
cbcn0323
cbcn0324
cbcn0325
cbcn0326
cbcn0327
cbcn0328
cbcn0379
cbcn0380
cbcn0381
cbcn0382
cbcn0383
cbcn0384
cbcn0385
cbcn0386
cbcn0387
cbcn0392
cbcn0393
cbcn0394
cbcn0395
cbcn0396
cbcn0397
cbcn0398
cbcn0399
cbcn0400
cbcn0445
cbcn0446
cbcn0447
cbcn0448
cbcn0449
cbcn0497
cbcn0498
cbcn0499
cbcn0553
cbcn0554
cbcn0555
cbcn0581
cbcn0582
cbcn0583
cbcn0584
cbcn0585
cbcn0586
cbcn0587
cbcn0588
cbcn0589
cbcn0590
cbcn0591
cbcn0592
cbcn0594
cbcn0595
cbcn0596
cbcn0597
cbcn0598
cbcn0616
cbcn0617
cbcn0618
cbcn0619
cbcn0620
cbcn0621
cbcn0622
cbcn0623
cbcn0628
cbcn0629
cbcn0630
cbcn0631
cbcn0632
cbcn0633
cbcn0634
cbcn0635
cbcn0636
cbcn0643
cbcn0644
cbcn0645
cbcn0667
cbcn0668
cbcn0669
cbcn0670
cbcn0671
cbcn0672
cbcn0673
cbcn0701
cbcn0702
cbcn0703
cbcn0704
cbcn0705
cbcn0706
cbcn0707
cbcn0708
cbcn0709
cbcn0710
cbcn0711
cbcn0712
cbcn0713
cbcn0714
cbcn0715
cbcn0725
cbcn0726
cbcn0727
cbcn0728
cbcn0729
cbcn0730
cbcn0731
cbcn0732
cbcn0733
cbcn0734
cbcn0735
cbcn0736
cbcn0741
cbcn0742
cbcn0743
cbcn0744
cbcn0745
cbcn0746
cbcn0749
cbcn0750
cbcn0751
cbcn0752
cbcn0753
cbcn0763
cbcn0764
cbcn0765
cbcn0766
cbcn0795
cbcn0796
cbcn0797
cbcn0798
cbcn0799
cbcn0800
cbcn0801
cbcn0802
cbcn0805
cbcn0806
cbcn0807
cbcn0808
cbcn0809
cbcn0810
cbcn0811
cbcn0812
cbcn0813
cbcn0872
cbcn0873
cbcn0874
cbcn0875
cbcn0876
cbcn0877
cbcn0901
cbcn0902
cbcn0903
cbcn0904
cbcn0905
cbcn0906
cbcn0907
cbcn0908
cbcn0910
cbcn0911
cbcn0912
cbcn0913
cbcn0914
cbcn0915
cbcn0916
cbcn0940
cbcn0941
cbcn0942
cbcn0943
cbcn0944
cbcn0969
cbcn0970
cbcn0971
cbcn0972
cbcn0973
cbcn0974
cbcn0975
cbcn0976
cbcn0978
cbcn0979
cbcn0980
cbcn0981
cbcn0982
cbcn0983
cbcn0984
cbcn0992
cbcn0993
cbcn0994
cbcn0995
cbcn0996
cbcn0997
cbcn0999
cbcn1000
cbcn1001
cbcn1002
cbcn1003
cbcn1004
cbcn1005
cbcn1006
cbcn1007
cbcn1008
cbcn1009
cbcn1010
cbcn1011
cbcn1012
cbcn1013
cbcn1014
cbcn1056
cbcn1057
cbcn1058
cbcn1059
cbcn1060
cbcn1069
cbcn1070
cbcn1071
cbcn1072
cbcn1073
cbcn1074
cbcn1097
cbcn1098
cbcn1099
cbcn1100
cbcn1125
cbcn1126
cbcn1127
cbcn1128
cbcn1129
cbcn1130
cbcn1131
cbcn1132
cbcn1133
cbcn1134
cbcn1136
cbcn1137
cbcn1138
cbcn1139
cbcn1140
cbcn1147
cbcn1148
cbcn1149
cbcn1150
cbcn1151
cbcn1152
cbcn1154
cbcn1155
cbcn1156
cbcn1157
cbcn1158
cbcn1159
cbcn1160
cbcn1163
cbcn1164
cbcn1165
cbcn1166
cbcn1167
cbcn1168
cbcn1169
cbcn1170
cbcn1171
cbcn1172
cbcn1173
cbcn1174
cbcn1175
cbcn1176
cbcn1179
cbcn1180
cbcn1181
cbcn1182
cbcn1209
cbcn1210
cbcn1211
cbcn1212
cbcn1251
cbcn1252
cbcn1253
cbcn1254
cbcn1255
cbcn1256
cbcn1257
cbcn1258
cbcn1259
cbcn1260
cbcn1261
cbcn1262
cbcn1263
cbcn1264
cbcn1265
cbcn1266
cbcn1364
cbcn1365
cbcn1366
cbcn1367
cbcn1400
cbcn1401
cbcn1402
cbcn1403
cbcn1456
cbcn1457
cbcn1458
cbcn1459
cbcn1460
cbcn1461
cbcn1462
cbcn1498
cbcn1499
cbcn1500
cbcn1501
cbcn1502
cbcn1504
cbcn1505
cbcn1506
cbcn1507
cbcn1508
cbcn1580
cbcn1581
cbcn1582
cbcn1583
cbcn1584
cbcn1585
cbcn1586
cbcn1587
cbcn1588
cbcn1589
cbcn1590
cbcn1591
cbcn1592
cbcn1593
cbcn1594
cbcn1595
cbcn1597
cbcn1598
cbcn1599
cbcn1600
cbcn1601
cbcn1602
cbcn1603
cbcn1604
cbcn1605
cbcn1606
cbcn1607
cbcn1608
cbcn1609
cbcn1610
cbcn1611
cbcn1633
cbcn1634
cbcn1635
cbcn1636
cbcn1637
cbcn1638
cbcn1639
cbcn1640
cbcn1641
cbcn1642
cbcn1648
cbcn1649
cbcn1650
cbcn1651
cbcn1652
cbcn1653
cbcn1654
cbcn1716
cbcn1717
cbcn1718
cbcn1719
cbcn1720
cbcn1721
cbcn1722
cbcn1723
cbcn1724
cbcn1764
cbcn1765
cbcn1766
cbcn1768
cbcn1769
cbcn1770
cbcn1771
cbcn1772
cbcn1773
cbcn1774
cbcn1775
cbcn1915
cbcn1916
cbcn1917
cbcn1918
cbcn1919
cbcn1969
cbcn1970
cbcn1971
cbcn1972
cbcn1989
cbcn1990
cbcn1991
cbcn1992
cbcn1993
cbcn2004
cbcn2005
cbcn2006
cbcn2007
cbcn2009
cbcn2010
cbcn2011
cbcn2012
cbcn2013
cbcn2014
cbcn2015
cbcn2019
cbcn2020
cbcn2021
cbcn2022
cbcn2023
cbcn2024
cbcn2025
cbcn2026
cbcn2027
cbcn2028
cbcn2029
cbcn2030
cbcn2031
cbcn2032
cbcn2089
cbcn2090
cbcn2091
cbcn2092
cbcn2093
cbcn2095
cbcn2096
cbcn2097
cbcn2098
cbcn2113
cbcn2114
cbcn2115
cbcn2116
cbcn2117
cbcn2118
cbcn2120
cbcn2121
cbcn2122
cbcn2123
cbcn2124
cbcn2125
cbcn2126
cbcn2127
cbcn2128
cbcn2209
cbcn2210
cbcn2211
cbcn2212
cbcn2236
cbcn2237
cbcn2238
cbcn2239
cbcn2240
cbcn2241
cbcn2244
cbcn2245
cbcn2246
cbcn2247
cbcn2248
cbcn2254
cbcn2255
cbcn2256
cbcn2257
cbcn2258
cbcn2259
cbcn2260
cbcn2261
cbcn2262
cbcn2263
cbcn2264
cbcn2265
cbcn2266
==========================================
Inside the code
Grover Circuit Created. Running on Backend
Inside the code
Inside the code
Inside the code
Grover Circuit Created. Running on Backend
Grover Circuit Created. Running on Backend
Grover Circuit Created. Running on Backend
Inside the code
Inside the code
Grover Circuit Created. Running on Backend
Grover Circuit Created. Running on Backend
Inside the code
Inside the code
Inside the code
Inside the code
Grover Circuit Created. Running on Backend
Inside the code
Inside the code
Grover Circuit Created. Running on Backend
Grover Circuit Created. Running on Backend
Grover Circuit Created. Running on Backend
Grover Circuit Created. Running on Backend
Grover Circuit Created. Running on Backend
Inside the code
Inside the code
Inside the code
Inside the code
Inside the code
Grover Circuit Created. Running on Backend
Grover Circuit Created. Running on Backend
Inside the code
Grover Circuit Created. Running on Backend
Inside the code
Grover Circuit Created. Running on Backend
Inside the code
Grover Circuit Created. Running on Backend
Inside the code
Inside the code
Inside the code
Inside the code
Grover Circuit Created. Running on Backend
Inside the code
Inside the code
Grover Circuit Created. Running on Backend
Grover Circuit Created. Running on Backend
Inside the code
Grover Circuit Created. Running on Backend
Inside the code
Inside the code
Inside the code
Grover Circuit Created. Running on Backend
Inside the code
Grover Circuit Created. Running on Backend
Grover Circuit Created. Running on Backend
Inside the code
Inside the code
Grover Circuit Created. Running on Backend
Inside the code
Inside the code
Grover Circuit Created. Running on Backend
Grover Circuit Created. Running on Backend
Inside the code
Inside the code
Grover Circuit Created. Running on Backend
Grover Circuit Created. Running on Backend
Grover Circuit Created. Running on Backend
Inside the code
Inside the code
Inside the code
Inside the code
Inside the code
Grover Circuit Created. Running on Backend
Grover Circuit Created. Running on Backend
Grover Circuit Created. Running on Backend
Grover Circuit Created. Running on Backend
Grover Circuit Created. Running on Backend
Grover Circuit Created. Running on Backend
Inside the code
Inside the code
Grover Circuit Created. Running on Backend
Grover Circuit Created. Running on Backend
Grover Circuit Created. Running on Backend
Grover Circuit Created. Running on Backend
Grover Circuit Created. Running on Backend
Inside the code
Grover Circuit Created. Running on Backend
Inside the code
Inside the code
Inside the code
Grover Circuit Created. Running on Backend
Inside the code
Grover Circuit Created. Running on Backend
Inside the code
Grover Circuit Created. Running on Backend
Grover Circuit Created. Running on Backend
Grover Circuit Created. Running on Backend
Grover Circuit Created. Running on Backend
Inside the code
Grover Circuit Created. Running on Backend
Inside the code
Grover Circuit Created. Running on Backend
Inside the code
Inside the code
Inside the code
Inside the code
Grover Circuit Created. Running on Backend
Grover Circuit Created. Running on Backend
Inside the code
Inside the code
Inside the code
Grover Circuit Created. Running on Backend
Inside the code
Grover Circuit Created. Running on Backend
Grover Circuit Created. Running on Backend
Grover Circuit Created. Running on Backend
Inside the code
Inside the code
Grover Circuit Created. Running on Backend
Grover Circuit Created. Running on Backend
Inside the code
Grover Circuit Created. Running on Backend
Grover Circuit Created. Running on Backend
Inside the code
Inside the code
Grover Circuit Created. Running on Backend
Grover Circuit Created. Running on Backend
Grover Circuit Created. Running on Backend
Inside the code
Inside the code
Inside the code
Grover Circuit Created. Running on Backend
Grover Circuit Created. Running on Backend
Grover Circuit Created. Running on Backend
Inside the code
Inside the code
Grover Circuit Created. Running on Backend
Grover Circuit Created. Running on Backend
Inside the code
Inside the code
Grover Circuit Created. Running on Backend
Inside the code
Inside the code
Inside the code
Inside the code
Inside the code
Grover Circuit Created. Running on Backend
Inside the code
Grover Circuit Created. Running on Backend
Grover Circuit Created. Running on Backend
Inside the code
Inside the code
Grover Circuit Created. Running on Backend
Grover Circuit Created. Running on Backend
Grover Circuit Created. Running on Backend
Grover Circuit Created. Running on Backend
Grover Circuit Created. Running on Backend
Grover Circuit Created. Running on Backend
Grover Circuit Created. Running on Backend
Grover Circuit Created. Running on Backend
Inside the code
Inside the code
Grover Circuit Created. Running on Backend
Inside the code
Inside the code
Inside the code
Inside the code
Grover Circuit Created. Running on Backend
Grover Circuit Created. Running on Backend
Inside the code
Inside the code
Grover Circuit Created. Running on Backend
Inside the code
Inside the code
Grover Circuit Created. Running on Backend
Grover Circuit Created. Running on Backend
Grover Circuit Created. Running on Backend
Grover Circuit Created. Running on Backend
Grover Circuit Created. Running on Backend
Grover Circuit Created. Running on Backend
Inside the code
Grover Circuit Created. Running on Backend
Inside the code
Grover Circuit Created. Running on Backend
Inside the code
Inside the code
Inside the code
Inside the code
Inside the code
Inside the code
Inside the code
Grover Circuit Created. Running on Backend
Grover Circuit Created. Running on Backend
Grover Circuit Created. Running on Backend
Inside the code
Grover Circuit Created. Running on Backend
Grover Circuit Created. Running on Backend
Grover Circuit Created. Running on Backend
Grover Circuit Created. Running on Backend
Inside the code
Inside the code
Inside the code
Inside the code
Inside the code
Inside the code
Inside the code
Inside the code
Inside the code
Inside the code
Inside the code
Inside the code
Grover Circuit Created. Running on Backend
Inside the code
Inside the code
Inside the code
Inside the code
Inside the code
Inside the code
Grover Circuit Created. Running on Backend
Grover Circuit Created. Running on Backend
Inside the code
Inside the code
Inside the code
Grover Circuit Created. Running on Backend
Inside the code
Grover Circuit Created. Running on Backend
Inside the code
Grover Circuit Created. Running on Backend
Grover Circuit Created. Running on Backend
Grover Circuit Created. Running on Backend
Grover Circuit Created. Running on Backend
Grover Circuit Created. Running on Backend
Grover Circuit Created. Running on Backend
Grover Circuit Created. Running on Backend
Grover Circuit Created. Running on Backend
Grover Circuit Created. Running on Backend
Grover Circuit Created. Running on Backend
Inside the code
Inside the code
Inside the code
Grover Circuit Created. Running on Backend
Grover Circuit Created. Running on Backend
Grover Circuit Created. Running on Backend
Grover Circuit Created. Running on Backend
Grover Circuit Created. Running on Backend
Grover Circuit Created. Running on Backend
Inside the code
Grover Circuit Created. Running on Backend
Grover Circuit Created. Running on Backend
Grover Circuit Created. Running on Backend
Inside the code
Inside the code
Inside the code
Inside the code
Inside the code
Inside the code
Grover Circuit Created. Running on Backend
Grover Circuit Created. Running on Backend
Grover Circuit Created. Running on Backend
Grover Circuit Created. Running on Backend
Grover Circuit Created. Running on Backend
Inside the code
Grover Circuit Created. Running on Backend
Grover Circuit Created. Running on Backend
Inside the code
Inside the code
Inside the code
Grover Circuit Created. Running on Backend
Grover Circuit Created. Running on Backend
Inside the code
Grover Circuit Created. Running on Backend
Inside the code
Inside the code
Inside the code
Inside the code
Inside the code
Inside the code
Inside the code
Inside the code
Grover Circuit Created. Running on Backend
Grover Circuit Created. Running on Backend
Grover Circuit Created. Running on Backend
Grover Circuit Created. Running on Backend
Grover Circuit Created. Running on Backend
Grover Circuit Created. Running on Backend
Grover Circuit Created. Running on Backend
Grover Circuit Created. Running on Backend
Inside the code
Inside the code
Grover Circuit Created. Running on Backend
Grover Circuit Created. Running on Backend
Grover Circuit Created. Running on Backend
Grover Circuit Created. Running on Backend
Grover Circuit Created. Running on Backend
Inside the code
Inside the code
Grover Circuit Created. Running on Backend
Inside the code
Inside the code
Grover Circuit Created. Running on Backend
Inside the code
Grover Circuit Created. Running on Backend
Inside the code
Grover Circuit Created. Running on Backend
Inside the code
Inside the code
Inside the code
Inside the code
Inside the code
Grover Circuit Created. Running on Backend
Inside the code
Grover Circuit Created. Running on Backend
Grover Circuit Created. Running on Backend
Inside the code
Grover Circuit Created. Running on Backend
Grover Circuit Created. Running on Backend
Grover Circuit Created. Running on Backend
Grover Circuit Created. Running on Backend
Grover Circuit Created. Running on Backend
Grover Circuit Created. Running on Backend
Grover Circuit Created. Running on Backend
Inside the code
Inside the code
Inside the code
Inside the code
Inside the code
Inside the code
Grover Circuit Created. Running on Backend
Inside the code
Inside the code
Inside the code
Inside the code
Inside the code
Grover Circuit Created. Running on Backend
Grover Circuit Created. Running on Backend
Grover Circuit Created. Running on Backend
Grover Circuit Created. Running on Backend
Grover Circuit Created. Running on Backend
Inside the code
Inside the code
Inside the code
Inside the code
Inside the code
Grover Circuit Created. Running on Backend
Inside the code
Grover Circuit Created. Running on Backend
Grover Circuit Created. Running on Backend
Inside the code
Inside the code
Inside the code
Grover Circuit Created. Running on Backend
Inside the code
Grover Circuit Created. Running on Backend
Grover Circuit Created. Running on Backend
Inside the code
Grover Circuit Created. Running on Backend
Grover Circuit Created. Running on Backend
Grover Circuit Created. Running on Backend
Grover Circuit Created. Running on Backend
Inside the code
Grover Circuit Created. Running on Backend
Inside the code
Grover Circuit Created. Running on Backend
Grover Circuit Created. Running on Backend
Grover Circuit Created. Running on Backend
Grover Circuit Created. Running on Backend
Inside the code
Inside the code
Grover Circuit Created. Running on Backend
Grover Circuit Created. Running on Backend
Inside the code
Inside the code
Inside the code
Grover Circuit Created. Running on Backend
Grover Circuit Created. Running on Backend
Inside the code
Inside the code
Inside the code
Inside the code
Inside the code
Grover Circuit Created. Running on Backend
Inside the code
Grover Circuit Created. Running on Backend
Inside the code
Grover Circuit Created. Running on Backend
Grover Circuit Created. Running on Backend
Inside the code
Grover Circuit Created. Running on Backend
Inside the code
Grover Circuit Created. Running on Backend
Grover Circuit Created. Running on Backend
Grover Circuit Created. Running on Backend
Grover Circuit Created. Running on Backend
Grover Circuit Created. Running on Backend
Grover Circuit Created. Running on Backend
Inside the code
Inside the code
Inside the code
Grover Circuit Created. Running on Backend
Inside the code
Inside the code
Grover Circuit Created. Running on Backend
Grover Circuit Created. Running on Backend
Inside the code
Inside the code
Inside the code
Grover Circuit Created. Running on Backend
Grover Circuit Created. Running on Backend
Grover Circuit Created. Running on Backend
Inside the code
Inside the code
Grover Circuit Created. Running on Backend
Grover Circuit Created. Running on Backend
Inside the code
Inside the code
Grover Circuit Created. Running on Backend
Grover Circuit Created. Running on Backend
Grover Circuit Created. Running on Backend
Inside the code
Grover Circuit Created. Running on Backend
Grover Circuit Created. Running on Backend
Grover Circuit Created. Running on Backend
Grover Circuit Created. Running on Backend
Grover Circuit Created. Running on Backend
Inside the code
Inside the code
Inside the code
Grover Circuit Created. Running on Backend
Inside the code
Inside the code
Grover Circuit Created. Running on Backend
Inside the code
Inside the code
Grover Circuit Created. Running on Backend
Inside the code
Inside the code
Grover Circuit Created. Running on Backend
Inside the code
Inside the code
Inside the code
Grover Circuit Created. Running on Backend
Grover Circuit Created. Running on Backend
Grover Circuit Created. Running on Backend
Grover Circuit Created. Running on Backend
Inside the code
Inside the code
Grover Circuit Created. Running on Backend
Grover Circuit Created. Running on Backend
Inside the code
Inside the code
Grover Circuit Created. Running on Backend
Inside the code
Inside the code
Grover Circuit Created. Running on Backend
Grover Circuit Created. Running on Backend
Grover Circuit Created. Running on Backend
Grover Circuit Created. Running on Backend
Inside the code
Grover Circuit Created. Running on Backend
Inside the code
Grover Circuit Created. Running on Backend
Grover Circuit Created. Running on Backend
Inside the code
Inside the code
Inside the code
Inside the code
Inside the code
Inside the code
Inside the code
Grover Circuit Created. Running on Backend
Grover Circuit Created. Running on Backend
Inside the code
Grover Circuit Created. Running on Backend
Inside the code
Inside the code
Grover Circuit Created. Running on Backend
Grover Circuit Created. Running on Backend
Grover Circuit Created. Running on Backend
Grover Circuit Created. Running on Backend
Inside the code
Grover Circuit Created. Running on Backend
Inside the code
Inside the code
Grover Circuit Created. Running on Backend
Inside the code
Grover Circuit Created. Running on Backend
Inside the code
Inside the code
Inside the code
Grover Circuit Created. Running on Backend
Grover Circuit Created. Running on Backend
Inside the code
Inside the code
Grover Circuit Created. Running on Backend
Inside the code
Grover Circuit Created. Running on Backend
Inside the code
Grover Circuit Created. Running on Backend
Grover Circuit Created. Running on Backend
Grover Circuit Created. Running on Backend
Inside the code
Inside the code
Inside the code
Grover Circuit Created. Running on Backend
Grover Circuit Created. Running on Backend
Inside the code
Grover Circuit Created. Running on Backend
Grover Circuit Created. Running on Backend
Inside the code
Inside the code
Grover Circuit Created. Running on Backend
Grover Circuit Created. Running on Backend
Inside the code
Grover Circuit Created. Running on Backend
Inside the code
Grover Circuit Created. Running on Backend
Grover Circuit Created. Running on Backend
Grover Circuit Created. Running on Backend
Grover Circuit Created. Running on Backend
Inside the code
Grover Circuit Created. Running on Backend
Inside the code
Inside the code
Inside the code
Grover Circuit Created. Running on Backend
Inside the code
Grover Circuit Created. Running on Backend
Inside the code
Inside the code
Grover Circuit Created. Running on Backend
Inside the code
Grover Circuit Created. Running on Backend
Grover Circuit Created. Running on Backend
Grover Circuit Created. Running on Backend
Grover Circuit Created. Running on Backend
Inside the code
Inside the code
Grover Circuit Created. Running on Backend
Inside the code
Inside the code
Inside the code
Inside the code
Inside the code
Inside the code
Grover Circuit Created. Running on Backend
Grover Circuit Created. Running on Backend
Inside the code
Grover Circuit Created. Running on Backend
Grover Circuit Created. Running on Backend
Grover Circuit Created. Running on Backend
Inside the code
Inside the code
Grover Circuit Created. Running on Backend
Grover Circuit Created. Running on Backend
Grover Circuit Created. Running on Backend
Grover Circuit Created. Running on Backend
Grover Circuit Created. Running on Backend
Inside the code
Grover Circuit Created. Running on Backend
Inside the code
Grover Circuit Created. Running on Backend
Grover Circuit Created. Running on Backend
Inside the code
Inside the code
Inside the code
Inside the code
Inside the code
Grover Circuit Created. Running on Backend
Grover Circuit Created. Running on Backend
Grover Circuit Created. Running on Backend
Grover Circuit Created. Running on Backend
Grover Circuit Created. Running on Backend
Inside the code
Grover Circuit Created. Running on Backend
Grover Circuit Created. Running on Backend
Inside the code
Inside the code
Grover Circuit Created. Running on Backend
Inside the code
Inside the code
Inside the code
Inside the code
Inside the code
Inside the code
Grover Circuit Created. Running on Backend
Grover Circuit Created. Running on Backend
Grover Circuit Created. Running on Backend
Inside the code
Inside the code
Inside the code
Inside the code
Grover Circuit Created. Running on Backend
Grover Circuit Created. Running on Backend
Grover Circuit Created. Running on Backend
Grover Circuit Created. Running on Backend
Inside the code
Inside the code
Grover Circuit Created. Running on Backend
Grover Circuit Created. Running on Backend
Grover Circuit Created. Running on Backend
Grover Circuit Created. Running on Backend
Grover Circuit Created. Running on Backend
Inside the code
Inside the code
Inside the code
Grover Circuit Created. Running on Backend
Grover Circuit Created. Running on Backend
Inside the code
Inside the code
Inside the code
Inside the code
Grover Circuit Created. Running on Backend
Inside the code
Inside the code
Inside the code
Grover Circuit Created. Running on Backend
Grover Circuit Created. Running on Backend
Inside the code
Grover Circuit Created. Running on Backend
Grover Circuit Created. Running on Backend
Grover Circuit Created. Running on Backend
Inside the code
Grover Circuit Created. Running on Backend
Grover Circuit Created. Running on Backend
Inside the code
Inside the code
Grover Circuit Created. Running on Backend
Grover Circuit Created. Running on Backend
Inside the code
Grover Circuit Created. Running on Backend
Grover Circuit Created. Running on Backend
Grover Circuit Created. Running on Backend
Grover Circuit Created. Running on Backend
Inside the code
Grover Circuit Created. Running on Backend
Inside the code
Inside the code
Inside the code
Inside the code
Inside the code
Inside the code
Inside the code
Inside the code
Inside the code
Grover Circuit Created. Running on Backend
Grover Circuit Created. Running on Backend
Inside the code
Grover Circuit Created. Running on Backend
Grover Circuit Created. Running on Backend
Inside the code
Grover Circuit Created. Running on Backend
Grover Circuit Created. Running on Backend
Inside the code
Grover Circuit Created. Running on Backend
Grover Circuit Created. Running on Backend
Inside the code
Inside the code
Grover Circuit Created. Running on Backend
Grover Circuit Created. Running on Backend
Grover Circuit Created. Running on Backend
Grover Circuit Created. Running on Backend
Grover Circuit Created. Running on Backend
Grover Circuit Created. Running on Backend
Grover Circuit Created. Running on Backend
Inside the code
Inside the code
Inside the code
Inside the code
Grover Circuit Created. Running on Backend
Inside the code
Inside the code
Inside the code
Inside the code
Inside the code
Inside the code
Grover Circuit Created. Running on Backend
Inside the code
Inside the code
Inside the code
Inside the code
Inside the code
Inside the code
Inside the code
Grover Circuit Created. Running on Backend
Grover Circuit Created. Running on Backend
Inside the code
Inside the code
Inside the code
Grover Circuit Created. Running on Backend
Grover Circuit Created. Running on Backend
Grover Circuit Created. Running on Backend
Grover Circuit Created. Running on Backend
Grover Circuit Created. Running on Backend
Grover Circuit Created. Running on Backend
Inside the code
Inside the code
Grover Circuit Created. Running on Backend
Grover Circuit Created. Running on Backend
Inside the code
Inside the code
Grover Circuit Created. Running on Backend
Grover Circuit Created. Running on Backend
Inside the code
Grover Circuit Created. Running on Backend
Grover Circuit Created. Running on Backend
Grover Circuit Created. Running on Backend
Grover Circuit Created. Running on Backend
Grover Circuit Created. Running on Backend
Grover Circuit Created. Running on Backend
Grover Circuit Created. Running on Backend
Inside the code
Inside the code
Grover Circuit Created. Running on Backend
Inside the code
Inside the code
Inside the code
Grover Circuit Created. Running on Backend
Inside the code
Inside the code
Grover Circuit Created. Running on Backend
Grover Circuit Created. Running on Backend
Inside the code
Inside the code
Inside the code
Inside the code
Inside the code
Grover Circuit Created. Running on Backend
Grover Circuit Created. Running on Backend
Inside the code
Inside the code
Inside the code
Inside the code
Inside the code
Inside the code
Grover Circuit Created. Running on Backend
Inside the code
Inside the code
Grover Circuit Created. Running on Backend
Inside the code
Inside the code
Inside the code
Grover Circuit Created. Running on Backend
Inside the code
Inside the code
Grover Circuit Created. Running on Backend
Grover Circuit Created. Running on Backend
Grover Circuit Created. Running on Backend
Grover Circuit Created. Running on Backend
Grover Circuit Created. Running on Backend
Inside the code
Grover Circuit Created. Running on Backend
Grover Circuit Created. Running on Backend
Grover Circuit Created. Running on Backend
Grover Circuit Created. Running on Backend
Grover Circuit Created. Running on Backend
Grover Circuit Created. Running on Backend
Grover Circuit Created. Running on Backend
Grover Circuit Created. Running on Backend
Grover Circuit Created. Running on Backend
Grover Circuit Created. Running on Backend
Grover Circuit Created. Running on Backend
Grover Circuit Created. Running on Backend
Grover Circuit Created. Running on Backend
Grover Circuit Created. Running on Backend
Inside the code
Inside the code
Grover Circuit Created. Running on Backend
Inside the code
Inside the code
Inside the code
Inside the code
Grover Circuit Created. Running on Backend
Inside the code
Inside the code
Grover Circuit Created. Running on Backend
Inside the code
Inside the code
Inside the code
Grover Circuit Created. Running on Backend
Inside the code
Grover Circuit Created. Running on Backend
Grover Circuit Created. Running on Backend
Grover Circuit Created. Running on Backend
Inside the code
Inside the code
Inside the code
Grover Circuit Created. Running on Backend
Inside the code
Inside the code
Inside the code
Inside the code
Inside the code
Inside the code
Inside the code
Grover Circuit Created. Running on Backend
Grover Circuit Created. Running on Backend
Grover Circuit Created. Running on Backend
Grover Circuit Created. Running on Backend
Grover Circuit Created. Running on Backend
Grover Circuit Created. Running on Backend
Grover Circuit Created. Running on Backend
Inside the code
Grover Circuit Created. Running on Backend
Inside the code
Inside the code
Grover Circuit Created. Running on Backend
Inside the code
Grover Circuit Created. Running on Backend
Grover Circuit Created. Running on Backend
Grover Circuit Created. Running on Backend
Inside the code
Grover Circuit Created. Running on Backend
Inside the code
Grover Circuit Created. Running on Backend
Grover Circuit Created. Running on Backend
Grover Circuit Created. Running on Backend
Inside the code
Grover Circuit Created. Running on Backend
Grover Circuit Created. Running on Backend
Grover Circuit Created. Running on Backend
Grover Circuit Created. Running on Backend
Grover Circuit Created. Running on Backend
Grover Circuit Created. Running on Backend
Inside the code
Inside the code
Inside the code
Grover Circuit Created. Running on Backend
Inside the code
Grover Circuit Created. Running on Backend
Inside the code
Grover Circuit Created. Running on Backend
Inside the code
Inside the code
Grover Circuit Created. Running on Backend
Grover Circuit Created. Running on Backend
Grover Circuit Created. Running on Backend
Grover Circuit Created. Running on Backend
Grover Circuit Created. Running on Backend
Inside the code
Inside the code
Inside the code
Inside the code
Inside the code
Inside the code
Inside the code
Inside the code
Inside the code
Inside the code
Inside the code
Inside the code
Inside the code
Inside the code
Inside the code
Inside the code
Inside the code
Grover Circuit Created. Running on Backend
Inside the code
Inside the code
Grover Circuit Created. Running on Backend
Grover Circuit Created. Running on Backend
Grover Circuit Created. Running on Backend
Grover Circuit Created. Running on Backend
Grover Circuit Created. Running on Backend
Grover Circuit Created. Running on Backend
Grover Circuit Created. Running on Backend
Inside the code
Grover Circuit Created. Running on Backend
Grover Circuit Created. Running on Backend
Grover Circuit Created. Running on Backend
Grover Circuit Created. Running on Backend
Inside the code
Grover Circuit Created. Running on Backend
Grover Circuit Created. Running on Backend
Inside the code
Inside the code
Inside the code
Grover Circuit Created. Running on Backend
Inside the code
Inside the code
Grover Circuit Created. Running on Backend
Grover Circuit Created. Running on Backend
Grover Circuit Created. Running on Backend
Grover Circuit Created. Running on Backend
Inside the code
Inside the code
Grover Circuit Created. Running on Backend
Inside the code
Inside the code
Inside the code
Inside the code
Inside the code
Grover Circuit Created. Running on Backend
Grover Circuit Created. Running on Backend
Grover Circuit Created. Running on Backend
Grover Circuit Created. Running on Backend
Grover Circuit Created. Running on Backend
Grover Circuit Created. Running on Backend
Inside the code
Inside the code
Inside the code
Inside the code
Inside the code
Inside the code
Inside the code
Inside the code
Inside the code
Inside the code
Grover Circuit Created. Running on Backend
Inside the code
Inside the code
Grover Circuit Created. Running on Backend
Grover Circuit Created. Running on Backend
Grover Circuit Created. Running on Backend
Inside the code
Grover Circuit Created. Running on Backend
Inside the code
Grover Circuit Created. Running on Backend
Inside the code
Inside the code
Inside the code
Inside the code
Grover Circuit Created. Running on Backend
Grover Circuit Created. Running on Backend
Inside the code
Grover Circuit Created. Running on Backend
Inside the code
Grover Circuit Created. Running on Backend
Grover Circuit Created. Running on Backend
Inside the code
Grover Circuit Created. Running on Backend
Inside the code
Grover Circuit Created. Running on Backend
Grover Circuit Created. Running on Backend
Grover Circuit Created. Running on Backend
Grover Circuit Created. Running on Backend
Grover Circuit Created. Running on Backend
Inside the code
Inside the code
Grover Circuit Created. Running on Backend
Grover Circuit Created. Running on Backend
Inside the code
Grover Circuit Created. Running on Backend
Inside the code
Inside the code
Grover Circuit Created. Running on Backend
Inside the code
Inside the code
Grover Circuit Created. Running on Backend
Grover Circuit Created. Running on Backend
Inside the code
Inside the code
Inside the code
Grover Circuit Created. Running on Backend
Inside the code
Grover Circuit Created. Running on Backend
Grover Circuit Created. Running on Backend
Grover Circuit Created. Running on Backend
Grover Circuit Created. Running on Backend
Grover Circuit Created. Running on Backend
Grover Circuit Created. Running on Backend
Grover Circuit Created. Running on Backend
Inside the code
Inside the code
Grover Circuit Created. Running on Backend
Grover Circuit Created. Running on Backend
Grover Circuit Created. Running on Backend
Grover Circuit Created. Running on Backend
Grover Circuit Created. Running on Backend
Grover Circuit Created. Running on Backend
Inside the code
Inside the code
Grover Circuit Created. Running on Backend
Grover Circuit Created. Running on Backend
Grover Circuit Created. Running on Backend
Inside the code
Inside the code
Grover Circuit Created. Running on Backend
Inside the code
Inside the code
Grover Circuit Created. Running on Backend
Inside the code
Inside the code
Inside the code
Inside the code
Inside the code
Grover Circuit Created. Running on Backend
Grover Circuit Created. Running on Backend
Grover Circuit Created. Running on Backend
Inside the code
Grover Circuit Created. Running on Backend
Grover Circuit Created. Running on Backend
Grover Circuit Created. Running on Backend
Grover Circuit Created. Running on Backend
Inside the code
Inside the code
Inside the code
Grover Circuit Created. Running on Backend
Grover Circuit Created. Running on Backend
Grover Circuit Created. Running on Backend
Grover Circuit Created. Running on Backend
Inside the code
Inside the code
Grover Circuit Created. Running on Backend
Inside the code
Grover Circuit Created. Running on Backend
Grover Circuit Created. Running on Backend
Inside the code
Grover Circuit Created. Running on Backend
Inside the code
Grover Circuit Created. Running on Backend
Grover Circuit Created. Running on Backend
Inside the code
Grover Circuit Created. Running on Backend
Inside the code
Inside the code
Grover Circuit Created. Running on Backend
Inside the code
Grover Circuit Created. Running on Backend
Inside the code
Grover Circuit Created. Running on Backend
Grover Circuit Created. Running on Backend
Grover Circuit Created. Running on Backend
Grover Circuit Created. Running on Backend
Grover Circuit Created. Running on Backend
Run Complete
Run Complete
Run Complete
Run Complete
Run Complete
Run Complete
Run Complete
Run Complete
Run Complete
Run Complete
Run Complete
Run Complete
Run Complete
Run Complete
Run Complete
Run Complete
Run Complete
Run Complete
Run Complete
Run Complete
Run Complete
Run Complete
Run Complete
Run Complete
Run Complete
Run Complete
Run Complete
Run Complete
Run Complete
Run Complete
Run Complete
Run Complete
Run Complete
Run Complete
Run Complete
Run Complete
Run Complete
Run Complete
Run Complete
Run Complete
Run Complete
Run Complete
Run Complete
Run Complete
Run Complete
Run Complete
Run Complete
Run Complete
Run Complete
Run Complete
Run Complete
Run Complete
Run Complete
Run Complete
Run Complete
Run Complete
Run Complete
Run Complete
Run Complete
Run Complete
Run Complete
Run Complete
Run Complete
Run Complete
Run Complete
Run Complete
Run Complete
Run Complete
Run Complete
Run Complete
Run Complete
Run Complete
Run Complete
Run Complete
Run Complete
Run Complete
Run Complete
Run Complete
Run Complete
Run Complete
Run Complete
Run Complete
Run Complete
Run Complete
Run Complete
Run Complete
Run Complete
Run Complete
Run Complete
Run Complete
Run Complete
Run Complete
Run Complete
Run Complete
Run Complete
Run Complete
Run Complete
Run Complete
Run Complete
Run Complete
Run Complete
Run Complete
Run Complete
Run Complete
Run Complete
Run Complete
Run Complete
Run Complete
Run Complete
Run Complete
Run Complete
Run Complete
Run Complete
Run Complete
Run Complete
Run Complete
Run Complete
Run Complete
Run Complete
Run Complete
Run Complete
Run Complete
Run Complete
Run Complete
Run Complete
Run Complete
Run Complete
Run Complete
Run Complete
Run Complete
Run Complete
Run Complete
Run Complete
Run Complete
Run Complete
Run Complete
Run Complete
Run Complete
Run Complete
Run Complete
Run Complete
Run Complete
Run Complete
Run Complete
Run Complete
Run Complete
Run Complete
Run Complete
Run Complete
Run Complete
Run Complete
Run Complete
Run Complete
Run Complete
Run Complete
Run Complete
Run Complete
Run Complete
Run Complete
Run Complete
Run Complete
Run Complete
Run Complete
Run Complete
Run Complete
Run Complete
Run Complete
Run Complete
Run Complete
Run Complete
Run Complete
Run Complete
Run Complete
Run Complete
Run Complete
Run Complete
Run Complete
Run Complete
Run Complete
Run Complete
Run Complete
Run Complete
Run Complete
Run Complete
Run Complete
Run Complete
Run Complete
Run Complete
Run Complete
Run Complete
Run Complete
Run Complete
Run Complete
Run Complete
Run Complete
Run Complete
Run Complete
Run Complete
Run Complete
Run Complete
Run Complete
Run Complete
Run Complete
Run Complete
Run Complete
Run Complete
Run Complete
Run Complete
Run Complete
Run Complete
Run Complete
Run Complete
Run Complete
Run Complete
Run Complete
Run Complete
Run Complete
Run Complete
Run Complete
Run Complete
Run Complete
Run Complete
Run Complete
Run Complete
Run Complete
Run Complete
Run Complete
Run Complete
Run Complete
Run Complete
Run Complete
Run Complete
Run Complete
Run Complete
Run Complete
Run Complete
Run Complete
Run Complete
Run Complete
Run Complete
Run Complete
Run Complete
Run Complete
Run Complete
Run Complete
Run Complete
Run Complete
Run Complete
Run Complete
Run Complete
Run Complete
Run Complete
Run Complete
Run Complete
Run Complete
Run Complete
Run Complete
Run Complete
Run Complete
Run Complete
Run Complete
Run Complete
Run Complete
Run Complete
Run Complete
Run Complete
Run Complete
Run Complete
Run Complete
Run Complete
Run Complete
Run Complete
Run Complete
Run Complete
Run Complete
Run Complete
Run Complete
Run Complete
Run Complete
Run Complete
Run Complete
Run Complete
Run Complete
Run Complete
Run Complete
Run Complete
Run Complete
Run Complete
Run Complete
Run Complete
Run Complete
Run Complete
Run Complete
Run Complete
Run Complete
Run Complete
Run Complete
Run Complete
Run Complete
Run Complete
Run Complete
Run Complete
Run Complete
Run Complete
Run Complete
Run Complete
Run Complete
Run Complete
Run Complete
Run Complete
Run Complete
Run Complete
Run Complete
Run Complete
Run Complete
Run Complete
Run Complete
Run Complete
Run Complete
Run Complete
Run Complete
Run Complete
Run Complete
Run Complete
Run Complete
Run Complete
Run Complete
Run Complete
Run Complete
Run Complete
Run Complete
Run Complete
Run Complete
Run Complete
Run Complete
Run Complete
Run Complete
Run Complete
Run Complete
Run Complete
Run Complete
Run Complete
Run Complete
Run Complete
Run Complete
Run Complete
Run Complete
Run Complete
Run Complete
Run Complete
Run Complete
Run Complete
Run Complete
Run Complete
Run Complete
Run Complete
Run Complete
Run Complete
Run Complete
Run Complete
Run Complete
Run Complete
Run Complete
Run Complete
Run Complete
Run Complete
Run Complete
Run Complete
Run Complete
Run Complete
Run Complete
Run Complete
Run Complete
Run Complete
Run Complete
Run Complete
Run Complete
Run Complete
Run Complete
Run Complete
Run Complete
Run Complete
Run Complete
Run Complete
Run Complete
Run Complete
Run Complete
Run Complete
Run Complete
Run Complete
Run Complete
Run Complete
Run Complete
Run Complete
Run Complete
Run Complete
Run Complete
Run Complete
Run Complete
Run Complete
Run Complete
Run Complete
Run Complete
Run Complete
Run Complete
Run Complete
Run Complete
Run Complete
Run Complete
Run Complete
Run Complete
Run Complete
Run Complete
Run Complete
Run Complete
Run Complete
Run Complete
Run Complete
Run Complete
Run Complete
Run Complete
Run Complete
Run Complete
Run Complete
Run Complete
Run Complete
Run Complete
Run Complete
Run Complete
Run Complete
Run Complete
Run Complete
Run Complete
Run Complete
Run Complete
Run Complete
Run Complete
Run Complete
Run Complete
Run Complete
Run Complete
Run Complete
Run Complete
Run Complete
Run Complete
Run Complete
Run Complete
Run Complete
Run Complete
Run Complete
Run Complete
Run Complete
Run Complete
Run Complete
Run Complete
Run Complete
Run Complete
Run Complete
Run Complete
Run Complete
Run Complete
Run Complete
Run Complete
Run Complete
Run Complete
Run Complete
Run Complete
Run Complete
Run Complete
Run Complete
Run Complete
Run Complete
Run Complete
Run Complete
Run Complete
Run Complete
Run Complete
Run Complete
Run Complete
Run Complete
Run Complete
Run Complete
Run Complete
Run Complete
Run Complete
Run Complete
Run Complete
Run Complete
Run Complete
Run Complete
Run Complete
  n  tot    iter  P(marked)  P(theory)    <Z^n>                                      top  ok   depth   time(s)
--------------------------------------------------------------------------------------------------------------
 40   40       1          0  8.185e-12  -0.0508 1011000011110111011101101011010100110100   N      14  5734.169

(processes: 512, precision: single, device: CPU)
Run Complete
Run Complete
Run Complete
Run Complete
Run Complete
Run Complete
Run Complete
Run Complete
Run Complete
Run Complete
Run Complete
Run Complete
Run Complete
Run Complete
Run Complete
Run Complete
Run Complete
Run Complete
Run Complete
Run Complete
Run Complete
