==========================================
SLURM_CLUSTER_NAME = rudra20pf-hpc
SLURM_ARRAY_JOB_ID = 
SLURM_ARRAY_TASK_ID = 
SLURM_ARRAY_TASK_COUNT = 
SLURM_ARRAY_TASK_MAX = 
SLURM_ARRAY_TASK_MIN = 
SLURM_JOB_ACCOUNT = cdac
SLURM_JOB_ID = 88593
SLURM_JOB_NAME = dj-sweep-compare
SLURM_JOB_NODELIST = cbcn[0031-0035,0042-0060,0287-0292,0392-0400,0445-0449,0581-0585,0587-0592,0594-0598,0628-0636,0647-0664,0667-0673,0725-0736,0795-0802,0805-0813,0817-0835,0845-0852,0883-0899,0910-0916,0918-0932,0969-0976,0978-0997,1069-1074,1077-1093,1103-1121,1147-1152,1163-1176,1456-1462,1480-1496,1510-1525,1527-1545,1547-1561,1597-1611,1633-1642,1648-1654,1768-1775,1825-1842,1845-1864,1867-1879,1882-1889,1975-1980,2019-2032,2113-2118,2120-2128,2217-2222,2236-2241,2254-2266]
SLURM_JOB_USER = santhoshj
SLURM_JOB_UID = 80040
SLURM_JOB_PARTITION = himachal
SLURM_TASK_PID = 2070425
SLURM_SUBMIT_DIR = /home/cdacB/santhoshj/digvijay/distributed-qcut
SLURM_CPUS_ON_NODE = 48
SLURM_NTASKS = 512
SLURM_TASK_PID = 2070425
==========================================

Checking MPI...
mpirun:
/home/apps/spack/opt/spack/linux-cascadelake/openmpi-4.1.8-gaily2jwc3klcubp55unnlgiaglqu7mf/bin/mpirun
mpirun (Open MPI) 4.1.8

Report bugs to http://www.open-mpi.org/community/help/

mpicc:
/home/apps/spack/opt/spack/linux-cascadelake/openmpi-4.1.8-gaily2jwc3klcubp55unnlgiaglqu7mf/bin/mpicc
gcc (GCC) 11.5.0 20240719 (Red Hat 11.5.0-11)
Copyright (C) 2021 Free Software Foundation, Inc.
This is free software; see the source for copying conditions.  There is NO
warranty; not even for MERCHANTABILITY or FITNESS FOR A PARTICULAR PURPOSE.


mpicxx:
/home/apps/spack/opt/spack/linux-cascadelake/openmpi-4.1.8-gaily2jwc3klcubp55unnlgiaglqu7mf/bin/mpicxx
g++ (GCC) 11.5.0 20240719 (Red Hat 11.5.0-11)
Copyright (C) 2021 Free Software Foundation, Inc.
This is free software; see the source for copying conditions.  There is NO
warranty; not even for MERCHANTABILITY or FITNESS FOR A PARTICULAR PURPOSE.

==========================================
JOB ID:          88593
JOB NAME:        dj-sweep-compare
NODES:           512
TASKS:           512
CPUS/TASK:       48
TOTAL CPUS:      24576
MPI ranks:       512
NODE LIST:
cbcn0031
cbcn0032
cbcn0033
cbcn0034
cbcn0035
cbcn0042
cbcn0043
cbcn0044
cbcn0045
cbcn0046
cbcn0047
cbcn0048
cbcn0049
cbcn0050
cbcn0051
cbcn0052
cbcn0053
cbcn0054
cbcn0055
cbcn0056
cbcn0057
cbcn0058
cbcn0059
cbcn0060
cbcn0287
cbcn0288
cbcn0289
cbcn0290
cbcn0291
cbcn0292
cbcn0392
cbcn0393
cbcn0394
cbcn0395
cbcn0396
cbcn0397
cbcn0398
cbcn0399
cbcn0400
cbcn0445
cbcn0446
cbcn0447
cbcn0448
cbcn0449
cbcn0581
cbcn0582
cbcn0583
cbcn0584
cbcn0585
cbcn0587
cbcn0588
cbcn0589
cbcn0590
cbcn0591
cbcn0592
cbcn0594
cbcn0595
cbcn0596
cbcn0597
cbcn0598
cbcn0628
cbcn0629
cbcn0630
cbcn0631
cbcn0632
cbcn0633
cbcn0634
cbcn0635
cbcn0636
cbcn0647
cbcn0648
cbcn0649
cbcn0650
cbcn0651
cbcn0652
cbcn0653
cbcn0654
cbcn0655
cbcn0656
cbcn0657
cbcn0658
cbcn0659
cbcn0660
cbcn0661
cbcn0662
cbcn0663
cbcn0664
cbcn0667
cbcn0668
cbcn0669
cbcn0670
cbcn0671
cbcn0672
cbcn0673
cbcn0725
cbcn0726
cbcn0727
cbcn0728
cbcn0729
cbcn0730
cbcn0731
cbcn0732
cbcn0733
cbcn0734
cbcn0735
cbcn0736
cbcn0795
cbcn0796
cbcn0797
cbcn0798
cbcn0799
cbcn0800
cbcn0801
cbcn0802
cbcn0805
cbcn0806
cbcn0807
cbcn0808
cbcn0809
cbcn0810
cbcn0811
cbcn0812
cbcn0813
cbcn0817
cbcn0818
cbcn0819
cbcn0820
cbcn0821
cbcn0822
cbcn0823
cbcn0824
cbcn0825
cbcn0826
cbcn0827
cbcn0828
cbcn0829
cbcn0830
cbcn0831
cbcn0832
cbcn0833
cbcn0834
cbcn0835
cbcn0845
cbcn0846
cbcn0847
cbcn0848
cbcn0849
cbcn0850
cbcn0851
cbcn0852
cbcn0883
cbcn0884
cbcn0885
cbcn0886
cbcn0887
cbcn0888
cbcn0889
cbcn0890
cbcn0891
cbcn0892
cbcn0893
cbcn0894
cbcn0895
cbcn0896
cbcn0897
cbcn0898
cbcn0899
cbcn0910
cbcn0911
cbcn0912
cbcn0913
cbcn0914
cbcn0915
cbcn0916
cbcn0918
cbcn0919
cbcn0920
cbcn0921
cbcn0922
cbcn0923
cbcn0924
cbcn0925
cbcn0926
cbcn0927
cbcn0928
cbcn0929
cbcn0930
cbcn0931
cbcn0932
cbcn0969
cbcn0970
cbcn0971
cbcn0972
cbcn0973
cbcn0974
cbcn0975
cbcn0976
cbcn0978
cbcn0979
cbcn0980
cbcn0981
cbcn0982
cbcn0983
cbcn0984
cbcn0985
cbcn0986
cbcn0987
cbcn0988
cbcn0989
cbcn0990
cbcn0991
cbcn0992
cbcn0993
cbcn0994
cbcn0995
cbcn0996
cbcn0997
cbcn1069
cbcn1070
cbcn1071
cbcn1072
cbcn1073
cbcn1074
cbcn1077
cbcn1078
cbcn1079
cbcn1080
cbcn1081
cbcn1082
cbcn1083
cbcn1084
cbcn1085
cbcn1086
cbcn1087
cbcn1088
cbcn1089
cbcn1090
cbcn1091
cbcn1092
cbcn1093
cbcn1103
cbcn1104
cbcn1105
cbcn1106
cbcn1107
cbcn1108
cbcn1109
cbcn1110
cbcn1111
cbcn1112
cbcn1113
cbcn1114
cbcn1115
cbcn1116
cbcn1117
cbcn1118
cbcn1119
cbcn1120
cbcn1121
cbcn1147
cbcn1148
cbcn1149
cbcn1150
cbcn1151
cbcn1152
cbcn1163
cbcn1164
cbcn1165
cbcn1166
cbcn1167
cbcn1168
cbcn1169
cbcn1170
cbcn1171
cbcn1172
cbcn1173
cbcn1174
cbcn1175
cbcn1176
cbcn1456
cbcn1457
cbcn1458
cbcn1459
cbcn1460
cbcn1461
cbcn1462
cbcn1480
cbcn1481
cbcn1482
cbcn1483
cbcn1484
cbcn1485
cbcn1486
cbcn1487
cbcn1488
cbcn1489
cbcn1490
cbcn1491
cbcn1492
cbcn1493
cbcn1494
cbcn1495
cbcn1496
cbcn1510
cbcn1511
cbcn1512
cbcn1513
cbcn1514
cbcn1515
cbcn1516
cbcn1517
cbcn1518
cbcn1519
cbcn1520
cbcn1521
cbcn1522
cbcn1523
cbcn1524
cbcn1525
cbcn1527
cbcn1528
cbcn1529
cbcn1530
cbcn1531
cbcn1532
cbcn1533
cbcn1534
cbcn1535
cbcn1536
cbcn1537
cbcn1538
cbcn1539
cbcn1540
cbcn1541
cbcn1542
cbcn1543
cbcn1544
cbcn1545
cbcn1547
cbcn1548
cbcn1549
cbcn1550
cbcn1551
cbcn1552
cbcn1553
cbcn1554
cbcn1555
cbcn1556
cbcn1557
cbcn1558
cbcn1559
cbcn1560
cbcn1561
cbcn1597
cbcn1598
cbcn1599
cbcn1600
cbcn1601
cbcn1602
cbcn1603
cbcn1604
cbcn1605
cbcn1606
cbcn1607
cbcn1608
cbcn1609
cbcn1610
cbcn1611
cbcn1633
cbcn1634
cbcn1635
cbcn1636
cbcn1637
cbcn1638
cbcn1639
cbcn1640
cbcn1641
cbcn1642
cbcn1648
cbcn1649
cbcn1650
cbcn1651
cbcn1652
cbcn1653
cbcn1654
cbcn1768
cbcn1769
cbcn1770
cbcn1771
cbcn1772
cbcn1773
cbcn1774
cbcn1775
cbcn1825
cbcn1826
cbcn1827
cbcn1828
cbcn1829
cbcn1830
cbcn1831
cbcn1832
cbcn1833
cbcn1834
cbcn1835
cbcn1836
cbcn1837
cbcn1838
cbcn1839
cbcn1840
cbcn1841
cbcn1842
cbcn1845
cbcn1846
cbcn1847
cbcn1848
cbcn1849
cbcn1850
cbcn1851
cbcn1852
cbcn1853
cbcn1854
cbcn1855
cbcn1856
cbcn1857
cbcn1858
cbcn1859
cbcn1860
cbcn1861
cbcn1862
cbcn1863
cbcn1864
cbcn1867
cbcn1868
cbcn1869
cbcn1870
cbcn1871
cbcn1872
cbcn1873
cbcn1874
cbcn1875
cbcn1876
cbcn1877
cbcn1878
cbcn1879
cbcn1882
cbcn1883
cbcn1884
cbcn1885
cbcn1886
cbcn1887
cbcn1888
cbcn1889
cbcn1975
cbcn1976
cbcn1977
cbcn1978
cbcn1979
cbcn1980
cbcn2019
cbcn2020
cbcn2021
cbcn2022
cbcn2023
cbcn2024
cbcn2025
cbcn2026
cbcn2027
cbcn2028
cbcn2029
cbcn2030
cbcn2031
cbcn2032
cbcn2113
cbcn2114
cbcn2115
cbcn2116
cbcn2117
cbcn2118
cbcn2120
cbcn2121
cbcn2122
cbcn2123
cbcn2124
cbcn2125
cbcn2126
cbcn2127
cbcn2128
cbcn2217
cbcn2218
cbcn2219
cbcn2220
cbcn2221
cbcn2222
cbcn2236
cbcn2237
cbcn2238
cbcn2239
cbcn2240
cbcn2241
cbcn2254
cbcn2255
cbcn2256
cbcn2257
cbcn2258
cbcn2259
cbcn2260
cbcn2261
cbcn2262
cbcn2263
cbcn2264
cbcn2265
cbcn2266
==========================================
