--------------------------------------------------------------------------
The library attempted to open the following supporting CUDA libraries,
but each of them failed.  CUDA-aware support is disabled.
libcuda.so.1: cannot open shared object file: No such file or directory
libcuda.dylib: cannot open shared object file: No such file or directory
/usr/lib64/libcuda.so.1: cannot open shared object file: No such file or directory
/usr/lib64/libcuda.dylib: cannot open shared object file: No such file or directory
If you are not interested in CUDA-aware support, then run with
--mca opal_warn_on_missing_libcuda 0 to suppress this message.  If you are interested
in CUDA-aware support, then try setting LD_LIBRARY_PATH to the location
of libcuda.so.1 to get passed this issue.
--------------------------------------------------------------------------
usage: compare_mpi_qiskit.py [-h] [--size SIZE] [--num-circuits NUM_CIRCUITS]
                             [--shots SHOTS] [--device DEVICE]
                             [--precision PRECISION]
                             [--blocking_qubits BLOCKING_QUBITS]
                             [--threads THREADS] [--opt-level OPT_LEVEL]
                             [--output OUTPUT]
usage: compare_mpi_qiskit.py [-h] [--size SIZE] [--num-circuits NUM_CIRCUITS]
                             [--shots SHOTS] [--device DEVICE]
                             [--precision PRECISION]
                             [--blocking_qubits BLOCKING_QUBITS]
                             [--threads THREADS] [--opt-level OPT_LEVEL]
                             [--output OUTPUT]
usage: compare_mpi_qiskit.py [-h] [--size SIZE] [--num-circuits NUM_CIRCUITS]
                             [--shots SHOTS] [--device DEVICE]
                             [--precision PRECISION]
                             [--blocking_qubits BLOCKING_QUBITS]
                             [--threads THREADS] [--opt-level OPT_LEVEL]
                             [--output OUTPUT]
compare_mpi_qiskit.py: error: unrecognized arguments: --blocking-qubits 5
usage: compare_mpi_qiskit.py [-h] [--size SIZE] [--num-circuits NUM_CIRCUITS]
                             [--shots SHOTS] [--device DEVICE]
                             [--precision PRECISION]
                             [--blocking_qubits BLOCKING_QUBITS]
                             [--threads THREADS] [--opt-level OPT_LEVEL]
                             [--output OUTPUT]
compare_mpi_qiskit.py: error: unrecognized arguments: --blocking-qubits 5
usage: compare_mpi_qiskit.py [-h] [--size SIZE] [--num-circuits NUM_CIRCUITS]
                             [--shots SHOTS] [--device DEVICE]
                             [--precision PRECISION]
                             [--blocking_qubits BLOCKING_QUBITS]
                             [--threads THREADS] [--opt-level OPT_LEVEL]
                             [--output OUTPUT]
usage: compare_mpi_qiskit.py [-h] [--size SIZE] [--num-circuits NUM_CIRCUITS]
                             [--shots SHOTS] [--device DEVICE]
                             [--precision PRECISION]
                             [--blocking_qubits BLOCKING_QUBITS]
                             [--threads THREADS] [--opt-level OPT_LEVEL]
                             [--output OUTPUT]
usage: compare_mpi_qiskit.py [-h] [--size SIZE] [--num-circuits NUM_CIRCUITS]
                             [--shots SHOTS] [--device DEVICE]
                             [--precision PRECISION]
                             [--blocking_qubits BLOCKING_QUBITS]
                             [--threads THREADS] [--opt-level OPT_LEVEL]
                             [--output OUTPUT]
compare_mpi_qiskit.py: error: unrecognized arguments: --blocking-qubits 5
usage: compare_mpi_qiskit.py [-h] [--size SIZE] [--num-circuits NUM_CIRCUITS]
                             [--shots SHOTS] [--device DEVICE]
                             [--precision PRECISION]
                             [--blocking_qubits BLOCKING_QUBITS]
                             [--threads THREADS] [--opt-level OPT_LEVEL]
                             [--output OUTPUT]
usage: compare_mpi_qiskit.py [-h] [--size SIZE] [--num-circuits NUM_CIRCUITS]
                             [--shots SHOTS] [--device DEVICE]
                             [--precision PRECISION]
                             [--blocking_qubits BLOCKING_QUBITS]
                             [--threads THREADS] [--opt-level OPT_LEVEL]
                             [--output OUTPUT]
usage: compare_mpi_qiskit.py [-h] [--size SIZE] [--num-circuits NUM_CIRCUITS]
                             [--shots SHOTS] [--device DEVICE]
                             [--precision PRECISION]
                             [--blocking_qubits BLOCKING_QUBITS]
                             [--threads THREADS] [--opt-level OPT_LEVEL]
                             [--output OUTPUT]
usage: compare_mpi_qiskit.py [-h] [--size SIZE] [--num-circuits NUM_CIRCUITS]
                             [--shots SHOTS] [--device DEVICE]
                             [--precision PRECISION]
                             [--blocking_qubits BLOCKING_QUBITS]
                             [--threads THREADS] [--opt-level OPT_LEVEL]
                             [--output OUTPUT]
compare_mpi_qiskit.py: error: unrecognized arguments: --blocking-qubits 5
usage: compare_mpi_qiskit.py [-h] [--size SIZE] [--num-circuits NUM_CIRCUITS]
                             [--shots SHOTS] [--device DEVICE]
                             [--precision PRECISION]
                             [--blocking_qubits BLOCKING_QUBITS]
                             [--threads THREADS] [--opt-level OPT_LEVEL]
                             [--output OUTPUT]
usage: compare_mpi_qiskit.py [-h] [--size SIZE] [--num-circuits NUM_CIRCUITS]
                             [--shots SHOTS] [--device DEVICE]
                             [--precision PRECISION]
                             [--blocking_qubits BLOCKING_QUBITS]
                             [--threads THREADS] [--opt-level OPT_LEVEL]
                             [--output OUTPUT]
usage: compare_mpi_qiskit.py [-h] [--size SIZE] [--num-circuits NUM_CIRCUITS]
                             [--shots SHOTS] [--device DEVICE]
                             [--precision PRECISION]
                             [--blocking_qubits BLOCKING_QUBITS]
                             [--threads THREADS] [--opt-level OPT_LEVEL]
                             [--output OUTPUT]
compare_mpi_qiskit.py: error: unrecognized arguments: --blocking-qubits 5
usage: compare_mpi_qiskit.py [-h] [--size SIZE] [--num-circuits NUM_CIRCUITS]
                             [--shots SHOTS] [--device DEVICE]
                             [--precision PRECISION]
                             [--blocking_qubits BLOCKING_QUBITS]
                             [--threads THREADS] [--opt-level OPT_LEVEL]
                             [--output OUTPUT]
compare_mpi_qiskit.py: error: unrecognized arguments: --blocking-qubits 5
compare_mpi_qiskit.py: error: unrecognized arguments: --blocking-qubits 5
compare_mpi_qiskit.py: error: unrecognized arguments: --blocking-qubits 5
compare_mpi_qiskit.py: error: unrecognized arguments: --blocking-qubits 5
usage: compare_mpi_qiskit.py [-h] [--size SIZE] [--num-circuits NUM_CIRCUITS]
                             [--shots SHOTS] [--device DEVICE]
                             [--precision PRECISION]
                             [--blocking_qubits BLOCKING_QUBITS]
                             [--threads THREADS] [--opt-level OPT_LEVEL]
                             [--output OUTPUT]
compare_mpi_qiskit.py: error: unrecognized arguments: --blocking-qubits 5
usage: compare_mpi_qiskit.py [-h] [--size SIZE] [--num-circuits NUM_CIRCUITS]
                             [--shots SHOTS] [--device DEVICE]
                             [--precision PRECISION]
                             [--blocking_qubits BLOCKING_QUBITS]
                             [--threads THREADS] [--opt-level OPT_LEVEL]
                             [--output OUTPUT]
usage: compare_mpi_qiskit.py [-h] [--size SIZE] [--num-circuits NUM_CIRCUITS]
                             [--shots SHOTS] [--device DEVICE]
                             [--precision PRECISION]
                             [--blocking_qubits BLOCKING_QUBITS]
                             [--threads THREADS] [--opt-level OPT_LEVEL]
                             [--output OUTPUT]
compare_mpi_qiskit.py: error: unrecognized arguments: --blocking-qubits 5
compare_mpi_qiskit.py: error: unrecognized arguments: --blocking-qubits 5
compare_mpi_qiskit.py: error: unrecognized arguments: --blocking-qubits 5
usage: compare_mpi_qiskit.py [-h] [--size SIZE] [--num-circuits NUM_CIRCUITS]
                             [--shots SHOTS] [--device DEVICE]
                             [--precision PRECISION]
                             [--blocking_qubits BLOCKING_QUBITS]
                             [--threads THREADS] [--opt-level OPT_LEVEL]
                             [--output OUTPUT]
usage: compare_mpi_qiskit.py [-h] [--size SIZE] [--num-circuits NUM_CIRCUITS]
                             [--shots SHOTS] [--device DEVICE]
                             [--precision PRECISION]
                             [--blocking_qubits BLOCKING_QUBITS]
                             [--threads THREADS] [--opt-level OPT_LEVEL]
                             [--output OUTPUT]
compare_mpi_qiskit.py: error: unrecognized arguments: --blocking-qubits 5
compare_mpi_qiskit.py: error: unrecognized arguments: --blocking-qubits 5
usage: compare_mpi_qiskit.py [-h] [--size SIZE] [--num-circuits NUM_CIRCUITS]
                             [--shots SHOTS] [--device DEVICE]
                             [--precision PRECISION]
                             [--blocking_qubits BLOCKING_QUBITS]
                             [--threads THREADS] [--opt-level OPT_LEVEL]
                             [--output OUTPUT]
compare_mpi_qiskit.py: error: unrecognized arguments: --blocking-qubits 5
compare_mpi_qiskit.py: error: unrecognized arguments: --blocking-qubits 5
usage: compare_mpi_qiskit.py [-h] [--size SIZE] [--num-circuits NUM_CIRCUITS]
                             [--shots SHOTS] [--device DEVICE]
                             [--precision PRECISION]
                             [--blocking_qubits BLOCKING_QUBITS]
                             [--threads THREADS] [--opt-level OPT_LEVEL]
                             [--output OUTPUT]
usage: compare_mpi_qiskit.py [-h] [--size SIZE] [--num-circuits NUM_CIRCUITS]
                             [--shots SHOTS] [--device DEVICE]
                             [--precision PRECISION]
                             [--blocking_qubits BLOCKING_QUBITS]
                             [--threads THREADS] [--opt-level OPT_LEVEL]
                             [--output OUTPUT]
compare_mpi_qiskit.py: error: unrecognized arguments: --blocking-qubits 5
compare_mpi_qiskit.py: error: unrecognized arguments: --blocking-qubits 5
usage: compare_mpi_qiskit.py [-h] [--size SIZE] [--num-circuits NUM_CIRCUITS]
                             [--shots SHOTS] [--device DEVICE]
                             [--precision PRECISION]
                             [--blocking_qubits BLOCKING_QUBITS]
                             [--threads THREADS] [--opt-level OPT_LEVEL]
                             [--output OUTPUT]
usage: compare_mpi_qiskit.py [-h] [--size SIZE] [--num-circuits NUM_CIRCUITS]
                             [--shots SHOTS] [--device DEVICE]
                             [--precision PRECISION]
                             [--blocking_qubits BLOCKING_QUBITS]
                             [--threads THREADS] [--opt-level OPT_LEVEL]
                             [--output OUTPUT]
compare_mpi_qiskit.py: error: unrecognized arguments: --blocking-qubits 5
usage: compare_mpi_qiskit.py [-h] [--size SIZE] [--num-circuits NUM_CIRCUITS]
                             [--shots SHOTS] [--device DEVICE]
                             [--precision PRECISION]
                             [--blocking_qubits BLOCKING_QUBITS]
                             [--threads THREADS] [--opt-level OPT_LEVEL]
                             [--output OUTPUT]
compare_mpi_qiskit.py: error: unrecognized arguments: --blocking-qubits 5
usage: compare_mpi_qiskit.py [-h] [--size SIZE] [--num-circuits NUM_CIRCUITS]
                             [--shots SHOTS] [--device DEVICE]
                             [--precision PRECISION]
                             [--blocking_qubits BLOCKING_QUBITS]
                             [--threads THREADS] [--opt-level OPT_LEVEL]
                             [--output OUTPUT]
usage: compare_mpi_qiskit.py [-h] [--size SIZE] [--num-circuits NUM_CIRCUITS]
                             [--shots SHOTS] [--device DEVICE]
                             [--precision PRECISION]
                             [--blocking_qubits BLOCKING_QUBITS]
                             [--threads THREADS] [--opt-level OPT_LEVEL]
                             [--output OUTPUT]
usage: compare_mpi_qiskit.py [-h] [--size SIZE] [--num-circuits NUM_CIRCUITS]
                             [--shots SHOTS] [--device DEVICE]
                             [--precision PRECISION]
                             [--blocking_qubits BLOCKING_QUBITS]
                             [--threads THREADS] [--opt-level OPT_LEVEL]
                             [--output OUTPUT]
compare_mpi_qiskit.py: error: unrecognized arguments: --blocking-qubits 5
compare_mpi_qiskit.py: error: unrecognized arguments: --blocking-qubits 5
compare_mpi_qiskit.py: error: unrecognized arguments: --blocking-qubits 5
compare_mpi_qiskit.py: error: unrecognized arguments: --blocking-qubits 5
usage: compare_mpi_qiskit.py [-h] [--size SIZE] [--num-circuits NUM_CIRCUITS]
                             [--shots SHOTS] [--device DEVICE]
                             [--precision PRECISION]
                             [--blocking_qubits BLOCKING_QUBITS]
                             [--threads THREADS] [--opt-level OPT_LEVEL]
                             [--output OUTPUT]
usage: compare_mpi_qiskit.py [-h] [--size SIZE] [--num-circuits NUM_CIRCUITS]
                             [--shots SHOTS] [--device DEVICE]
                             [--precision PRECISION]
                             [--blocking_qubits BLOCKING_QUBITS]
                             [--threads THREADS] [--opt-level OPT_LEVEL]
                             [--output OUTPUT]
compare_mpi_qiskit.py: error: unrecognized arguments: --blocking-qubits 5
compare_mpi_qiskit.py: error: unrecognized arguments: --blocking-qubits 5
compare_mpi_qiskit.py: error: unrecognized arguments: --blocking-qubits 5
compare_mpi_qiskit.py: error: unrecognized arguments: --blocking-qubits 5
compare_mpi_qiskit.py: error: unrecognized arguments: --blocking-qubits 5
compare_mpi_qiskit.py: error: unrecognized arguments: --blocking-qubits 5
usage: compare_mpi_qiskit.py [-h] [--size SIZE] [--num-circuits NUM_CIRCUITS]
                             [--shots SHOTS] [--device DEVICE]
                             [--precision PRECISION]
                             [--blocking_qubits BLOCKING_QUBITS]
                             [--threads THREADS] [--opt-level OPT_LEVEL]
                             [--output OUTPUT]
compare_mpi_qiskit.py: error: unrecognized arguments: --blocking-qubits 5
--------------------------------------------------------------------------
Primary job  terminated normally, but 1 process returned
a non-zero exit code. Per user-direction, the job has been aborted.
--------------------------------------------------------------------------
--------------------------------------------------------------------------
mpirun detected that one or more processes exited with non-zero status, thus causing
the job to be terminated. The first process to do so was:

  Process name: [[43997,1],0]
  Exit code:    2
--------------------------------------------------------------------------
[cbcn0039:1739039] 31 more processes have sent help message help-mpi-common-cuda.txt / dlopen failed
[cbcn0039:1739039] Set MCA parameter "orte_base_help_aggregate" to 0 to see all help / error messages
